
> react-example@0.0.0 build
> node node_modules/vite/bin/vite.js build

[36mvite v6.4.1 [32mbuilding for production...[36m[39m
transforming...
[32mÔ£ô[39m 2113 modules transformed.
rendering chunks...
computing gzip size...
[2mdist/[22m[32mindex.html                 [39m[1m[2m  0.41 kB[22m[1m[22m[2m Ôöé gzip:   0.28 kB[22m
[2mdist/[22m[35massets/index-BX17bqus.css  [39m[1m[2m 26.75 kB[22m[1m[22m[2m Ôöé gzip:   5.64 kB[22m
[2mdist/[22m[36massets/index-9CjJBbpg.js   [39m[1m[33m923.24 kB[39m[22m[2m Ôöé gzip: 247.24 kB[22m
[32mÔ£ô built in 21.46s[39m
node.exe : [33m
No linha:1 caractere:1
+ & "C:\Program 
Files\nodejs/node.exe" 
"C:\Program 
Files\nodejs/node_mo 
...
+ ~~~~~~~~~~~~~~~~~~~~~
~~~~~~~~~~~~~~~~~~~~~~~
~~~~~~~~~~~~~~~~~~~~~~~
~~
    + CategoryInfo     
         : NotSpecifi  
  ed: ([33m:String)   
  [], RemoteExcepti    
on
    + FullyQualifiedEr 
   rorId : NativeComm  
  andError
 
(!) Some chunks are 
larger than 500 kB 
after minification. 
Consider:
- Using dynamic 
import() to code-split 
the application
- Use build.rollupOptio
ns.output.manualChunks 
to improve chunking: ht
tps://rollupjs.org/conf
iguration-options/#outp
ut-manualchunks
- Adjust chunk size 
limit for this warning 
via build.chunkSizeWarn
ingLimit.[39m
